libdl.so	                    0x6ff00000
libc.so	                            0x6fe00000
libstdc++.so	                    0x6fd00000
libm.so	                            0x6fc00000
liblog.so	                    0x6fbc0000
libthread_db.so	                    0x6fa00000
libz.so	                            0x6f900000
libssl.so	                    0x6f700000
libcrypto.so	                    0x6f500000
libsysutils.so	                    0x6f400000
liba2dp.so	                    0x6ee00000
audio.so	                    0x6ed00000
input.so	                    0x6ec00000
libhcid.so	                    0x6eb00000
libbluedroid.so	                    0x6ea00000
libbluetooth.so	                    0x6e900000
libdbus.so	                    0x6e800000
libril.so	                    0x6e400000
libreference-ril.so	            0x6e000000
libwpa_client.so	            0x6dc00000
libandroid_servers.so	            0x6d900000
libicuuc.so	                    0x6d500000
libicui18n.so	                    0x6d400000
libandroid_runtime.so	            0x6d300000
libpixelflinger.so	            0x6cf00000
libcorecg.so	                    0x6ce00000
libsurfaceflinger.so	            0x6cd00000
libagl.so	                    0x6cc00000
libGLESv1_CM.so	                    0x6cb00000
libEGL.so	                    0x6c700000
libexif.so	                    0x6c500000
libui.so	                    0x6c400000
libsgl.so	                    0x6c000000
libaudio.so	                    0x6b700000
libsonivox.so	                    0x6b600000
libsoundpool.so	                    0x6b500000
libvorbisidec.so	            0x6b400000
libmedia_jni.so	                    0x6b300000
libmediaplayerservice.so	    0x6b280000
libmedia.so	                    0x6b200000
libFFTEm.so	                    0x6b100000
libaudioflinger.so	            0x6b000000
liblgdrmxyssl.so	            0x6afc0000
liblgdrmwbxml.so	            0x6af80000
libwmdrmpd.so	                    0x6af00000
liblgdrm.so	                    0x6ad00000
libexpat.so	                    0x6ab00000
libutils.so	                    0x69d00000
libcameraservice.so	            0x69c80000
libhardware.so	                    0x69c70000
libhardware_legacy.so	            0x69c00000
libsystem_server.so	            0x69a00000
libcamera.so	                    0x69680000
libomx_sharedlibrary.so	            0x67ba0000
libopencore_download.so	            0x67b40000
libopencore_downloadreg.so	    0x67b00000
libopencore_net_support.so	    0x67a00000
libopencore_rtsp.so	            0x67900000
libopencore_rtspreg.so	            0x67890000
libopencore_author.so	            0x67800000
libcutils.so                        0x677a0000
libaes.so                           0x67780000
libembunit.so                       0x67740000
libomx_aacdec_sharedlibrary.so	    0x67700000
libomx_amrdec_sharedlibrary.so	    0x676a0000
libomx_amrenc_sharedlibrary.so	    0x67680000
libomx_avcdec_sharedlibrary.so	    0x67660000
libomx_m4vdec_sharedlibrary.so	    0x675c0000
libomx_m4venc_sharedlibrary.so	    0x67590000
libomx_mp3dec_sharedlibrary.so	    0x67450000
libopencore_mp4local.so	            0x67400000
libopencore_mp4localreg.so	    0x67300000
libopencore_player.so	            0x67000000
libopencorehw.so	            0x66f50000
libopencore_common.so	            0x66000000
libacc.so                           0x65800000
libnetutils.so                      0x65600000
libwbxml_jni.so                     0x65400000
libxml2wbxml.so                     0x65200000
libsqlite.so                        0x65000000
libbinder.so                        0x64e00000
libnativehelper.so                  0x64c00000
libjpeg.so                          0x64a00000
libGLESv2.so                        0x64900000
libskia.so                          0x64700000
libskiagl.so                        0x64500000
libRS.so                            0x64300000
libGLES_android.so                  0x64100000
libaudiopolicy.so                   0x63f00000
libaudiopolicygeneric.so            0x63d00000
libandroid_runtime_eclair.so        0x63b00000
librs_jni.so                        0x63900000
libwebcore.so                       0x63400000
libdrm1.so	                    0x5d800000
libdrm1_jni.so	                    0x5d400000
libdvm.so                           0x5d000000
libctest.so	                    0x5a700000
librpc.so	                    0x5a400000
libsrec_jni.so	                    0x5a200000
libcerttool_jni.so	            0x5a100000
libril_log.so	                    0x59f00000

